// Jest Snapshot v1, https://goo.gl/fbAQLP

exports[`snapshot 1`] = `
<div
  className="container-fluid my-5"
>
  <div
    className="row"
  >
    <div
      className="col-sm-6 mx-auto text-white shadow-lg p-3"
    >
      <h2
        className="text-center"
      >
         Today's Plan 
      </h2>
      <div
        className="container-fluid"
      >
        <div
          className="row"
        >
          <div
            className="col-9"
          >
            <input
              className="form-control"
              onChange={[Function]}
              placeholder="Write Plan Here"
              type="text"
              value=""
            />
          </div>
          <div
            className="col-2"
          >
            <button
              className="btn btn-warning px-5 font-weight-bold"
              onClick={[Function]}
            >
              Add
            </button>
          </div>
        </div>
        <div
          className="conatiner"
        >
          <ul
            className="list-unstyled row m-5"
          />
        </div>
      </div>
    </div>
  </div>
</div>
`;
